lint: manifests
repo_root: /Users/randlee/Documents/github/schook-worktrees/feature/pP-s3-lint-portability
started_at_utc: 2026-05-25T02:40:04.977608+00:00
duration: 0.00s
summary: manifest policy satisfied

crates analyzed:
  crate                     package                   crate_path                manifest                                   
  ------------------------  ------------------------  ------------------------  -------------------------------------------
  sc-hooks-cli              sc-hooks-cli              sc_hooks_cli              crates/sc-hooks-cli/Cargo.toml             
  sc-hooks-core             sc-hooks-core             sc_hooks_core             crates/sc-hooks-core/Cargo.toml            
  sc-hooks-sdk              sc-hooks-sdk              sc_hooks_sdk              crates/sc-hooks-sdk/Cargo.toml             
  sc-hooks-test             sc-hooks-test             sc_hooks_test             crates/sc-hooks-test/Cargo.toml            
  agent-session-foundation  agent-session-foundation  agent_session_foundation  plugins/agent-session-foundation/Cargo.toml
  agent-spawn-gates         agent-spawn-gates         agent_spawn_gates         plugins/agent-spawn-gates/Cargo.toml       
  atm-extension             atm-extension             atm_extension             plugins/atm-extension/Cargo.toml           
  audit-logger              audit-logger              audit_logger              plugins/audit-logger/Cargo.toml            
  conditional-source        conditional-source        conditional_source        plugins/conditional-source/Cargo.toml      
  event-relay               event-relay               event_relay               plugins/event-relay/Cargo.toml             
  guard-paths               guard-paths               guard_paths               plugins/guard-paths/Cargo.toml             
  identity-state            identity-state            identity_state            plugins/identity-state/Cargo.toml          
  notify                    notify                    notify                    plugins/notify/Cargo.toml                  
  policy-enforcer           policy-enforcer           policy_enforcer           plugins/policy-enforcer/Cargo.toml         
  save-context              save-context              save_context              plugins/save-context/Cargo.toml            
  template-source           template-source           template_source           plugins/template-source/Cargo.toml         
  tool-output-gates         tool-output-gates         tool_output_gates         plugins/tool-output-gates/Cargo.toml       

no manifest violations found
